// Jest Snapshot v1, https://goo.gl/fbAQLP

exports[`expect to render Card Component 1`] = `ShallowWrapper {}`;

exports[`expect to render Card Componet 1`] = `ShallowWrapper {}`;
